=================================================================
Layer (type:depth-idx)                   Param #
=================================================================
LightningEdgeConvModel                   --
├─EdgeConv: 1-1                          --
│    └─MaxAggregation: 2-1               --
│    └─EdgeConvMLP: 2-2                  --
│    │    └─Sequential: 3-1              9,152
├─EdgeConv: 1-2                          --
│    └─MaxAggregation: 2-3               --
│    └─EdgeConvMLP: 2-4                  --
│    │    └─Sequential: 3-2              16,960
├─EdgeConv: 1-3                          --
│    └─MaxAggregation: 2-5               --
│    └─EdgeConvMLP: 2-6                  --
│    │    └─Sequential: 3-3              16,960
├─EdgeConv: 1-4                          --
│    └─MaxAggregation: 2-7               --
│    └─EdgeConvMLP: 2-8                  --
│    │    └─Sequential: 3-4              16,960
├─EdgeConv: 1-5                          --
│    └─MaxAggregation: 2-9               --
│    └─EdgeConvMLP: 2-10                 --
│    │    └─Sequential: 3-5              16,960
├─EdgeConv: 1-6                          --
│    └─MaxAggregation: 2-11              --
│    └─EdgeConvMLP: 2-12                 --
│    │    └─Sequential: 3-6              16,960
├─EdgeConv: 1-7                          --
│    └─MaxAggregation: 2-13              --
│    └─EdgeConvMLP: 2-14                 --
│    │    └─Sequential: 3-7              16,960
├─EdgeConv: 1-8                          --
│    └─MaxAggregation: 2-15              --
│    └─EdgeConvMLP: 2-16                 --
│    │    └─Sequential: 3-8              16,960
├─AggregationMLP: 1-9                    --
│    └─Sequential: 2-17                  --
│    │    └─Linear: 3-9                  525,312
│    │    └─ReLU: 3-10                   --
├─Sequential: 1-10                       --
│    └─Linear: 2-18                      1,573,888
│    └─ReLU: 2-19                        --
│    └─Linear: 2-20                      524,800
│    └─ReLU: 2-21                        --
│    └─Linear: 2-22                      131,328
│    └─ReLU: 2-23                        --
│    └─Linear: 2-24                      771
├─MSELoss: 1-11                          --
=================================================================
Total params: 2,883,971
Trainable params: 2,883,971
Non-trainable params: 0
=================================================================
Testing: 0it [00:00, ?it/s]Testing:   0%|          | 0/76 [00:00<?, ?it/s]Testing DataLoader 0:   0%|          | 0/76 [00:00<?, ?it/s]Testing DataLoader 0:   1%|▏         | 1/76 [00:07<09:29,  7.60s/it]Testing DataLoader 0:   3%|▎         | 2/76 [00:07<04:47,  3.89s/it]Testing DataLoader 0:   4%|▍         | 3/76 [00:07<03:13,  2.65s/it]Testing DataLoader 0:   5%|▌         | 4/76 [00:08<02:25,  2.03s/it]Testing DataLoader 0:   7%|▋         | 5/76 [00:08<01:57,  1.65s/it]Testing DataLoader 0:   8%|▊         | 6/76 [00:08<01:38,  1.40s/it]Testing DataLoader 0:   9%|▉         | 7/76 [00:08<01:24,  1.23s/it]Testing DataLoader 0:  11%|█         | 8/76 [00:08<01:14,  1.09s/it]Testing DataLoader 0:  12%|█▏        | 9/76 [00:08<01:06,  1.01it/s]Testing DataLoader 0:  13%|█▎        | 10/76 [00:09<00:59,  1.10it/s]Testing DataLoader 0:  14%|█▍        | 11/76 [00:09<00:54,  1.19it/s]Testing DataLoader 0:  16%|█▌        | 12/76 [00:09<00:50,  1.28it/s]Testing DataLoader 0:  17%|█▋        | 13/76 [00:09<00:46,  1.36it/s]Testing DataLoader 0:  18%|█▊        | 14/76 [00:09<00:43,  1.44it/s]Testing DataLoader 0:  20%|█▉        | 15/76 [00:09<00:40,  1.52it/s]Testing DataLoader 0:  21%|██        | 16/76 [00:10<00:37,  1.59it/s]Testing DataLoader 0:  22%|██▏       | 17/76 [00:10<00:35,  1.66it/s]Testing DataLoader 0:  24%|██▎       | 18/76 [00:10<00:33,  1.73it/s]Testing DataLoader 0:  25%|██▌       | 19/76 [00:10<00:31,  1.80it/s]Testing DataLoader 0:  26%|██▋       | 20/76 [00:10<00:29,  1.87it/s]Testing DataLoader 0:  28%|██▊       | 21/76 [00:10<00:28,  1.93it/s]Testing DataLoader 0:  29%|██▉       | 22/76 [00:11<00:27,  1.99it/s]Testing DataLoader 0:  30%|███       | 23/76 [00:11<00:25,  2.05it/s]Testing DataLoader 0:  32%|███▏      | 24/76 [00:11<00:24,  2.11it/s]Testing DataLoader 0:  33%|███▎      | 25/76 [00:11<00:23,  2.17it/s]Testing DataLoader 0:  34%|███▍      | 26/76 [00:11<00:22,  2.22it/s]Testing DataLoader 0:  36%|███▌      | 27/76 [00:11<00:21,  2.28it/s]Testing DataLoader 0:  37%|███▋      | 28/76 [00:12<00:20,  2.33it/s]Testing DataLoader 0:  38%|███▊      | 29/76 [00:12<00:19,  2.38it/s]Testing DataLoader 0:  39%|███▉      | 30/76 [00:12<00:18,  2.43it/s]Testing DataLoader 0:  41%|████      | 31/76 [00:12<00:18,  2.48it/s]Testing DataLoader 0:  42%|████▏     | 32/76 [00:12<00:17,  2.52it/s]Testing DataLoader 0:  43%|████▎     | 33/76 [00:12<00:16,  2.57it/s]Testing DataLoader 0:  45%|████▍     | 34/76 [00:13<00:16,  2.61it/s]Testing DataLoader 0:  46%|████▌     | 35/76 [00:13<00:15,  2.66it/s]Testing DataLoader 0:  47%|████▋     | 36/76 [00:13<00:14,  2.70it/s]Testing DataLoader 0:  49%|████▊     | 37/76 [00:13<00:14,  2.74it/s]Testing DataLoader 0:  50%|█████     | 38/76 [00:13<00:13,  2.78it/s]Testing DataLoader 0:  51%|█████▏    | 39/76 [00:13<00:13,  2.82it/s]Testing DataLoader 0:  53%|█████▎    | 40/76 [00:14<00:12,  2.86it/s]Testing DataLoader 0:  54%|█████▍    | 41/76 [00:14<00:12,  2.90it/s]Testing DataLoader 0:  55%|█████▌    | 42/76 [00:14<00:11,  2.93it/s]Testing DataLoader 0:  57%|█████▋    | 43/76 [00:14<00:11,  2.97it/s]Testing DataLoader 0:  58%|█████▊    | 44/76 [00:14<00:10,  3.00it/s]Testing DataLoader 0:  59%|█████▉    | 45/76 [00:14<00:10,  3.04it/s]Testing DataLoader 0:  61%|██████    | 46/76 [00:14<00:09,  3.07it/s]Testing DataLoader 0:  62%|██████▏   | 47/76 [00:15<00:09,  3.10it/s]Testing DataLoader 0:  63%|██████▎   | 48/76 [00:15<00:08,  3.14it/s]Testing DataLoader 0:  64%|██████▍   | 49/76 [00:15<00:08,  3.17it/s]Testing DataLoader 0:  66%|██████▌   | 50/76 [00:15<00:08,  3.20it/s]Testing DataLoader 0:  67%|██████▋   | 51/76 [00:15<00:07,  3.23it/s]Testing DataLoader 0:  68%|██████▊   | 52/76 [00:15<00:07,  3.26it/s]Testing DataLoader 0:  70%|██████▉   | 53/76 [00:16<00:06,  3.29it/s]Testing DataLoader 0:  71%|███████   | 54/76 [00:16<00:06,  3.32it/s]Testing DataLoader 0:  72%|███████▏  | 55/76 [00:16<00:06,  3.34it/s]Testing DataLoader 0:  74%|███████▎  | 56/76 [00:16<00:05,  3.37it/s]Testing DataLoader 0:  75%|███████▌  | 57/76 [00:16<00:05,  3.40it/s]Testing DataLoader 0:  76%|███████▋  | 58/76 [00:16<00:05,  3.42it/s]Testing DataLoader 0:  78%|███████▊  | 59/76 [00:17<00:04,  3.45it/s]Testing DataLoader 0:  79%|███████▉  | 60/76 [00:17<00:04,  3.47it/s]Testing DataLoader 0:  80%|████████  | 61/76 [00:17<00:04,  3.50it/s]Testing DataLoader 0:  82%|████████▏ | 62/76 [00:17<00:03,  3.52it/s]Testing DataLoader 0:  83%|████████▎ | 63/76 [00:17<00:03,  3.55it/s]Testing DataLoader 0:  84%|████████▍ | 64/76 [00:17<00:03,  3.57it/s]Testing DataLoader 0:  86%|████████▌ | 65/76 [00:18<00:03,  3.59it/s]Testing DataLoader 0:  87%|████████▋ | 66/76 [00:18<00:02,  3.62it/s]Testing DataLoader 0:  88%|████████▊ | 67/76 [00:18<00:02,  3.64it/s]Testing DataLoader 0:  89%|████████▉ | 68/76 [00:18<00:02,  3.66it/s]Testing DataLoader 0:  91%|█████████ | 69/76 [00:18<00:01,  3.68it/s]Testing DataLoader 0:  92%|█████████▏| 70/76 [00:18<00:01,  3.71it/s]Testing DataLoader 0:  93%|█████████▎| 71/76 [00:19<00:01,  3.73it/s]Testing DataLoader 0:  95%|█████████▍| 72/76 [00:19<00:01,  3.75it/s]Testing DataLoader 0:  96%|█████████▌| 73/76 [00:19<00:00,  3.77it/s]Testing DataLoader 0:  97%|█████████▋| 74/76 [00:19<00:00,  3.79it/s]Testing DataLoader 0:  99%|█████████▊| 75/76 [00:19<00:00,  3.81it/s]Testing DataLoader 0: 100%|██████████| 76/76 [00:19<00:00,  3.85it/s]Testing DataLoader 0: 100%|██████████| 76/76 [00:19<00:00,  3.84it/s]
┏━━━━━━━━━━━━━━━━━━━━━━━━━━━┳━━━━━━━━━━━━━━━━━━━━━━━━━━━┓
┃        Test metric        ┃       DataLoader 0        ┃
┡━━━━━━━━━━━━━━━━━━━━━━━━━━━╇━━━━━━━━━━━━━━━━━━━━━━━━━━━┩
│         test_loss         │  4.0968498069560155e-05   │
└───────────────────────────┴───────────────────────────┘
